// Jest Snapshot v1, https://goo.gl/fbAQLP

exports[`headers.d.ts 1`] = `
"// @flow
// Generated using flowgen2

export type Headers = {+[name: string]: string | Array<string>};
"
`;

exports[`index.d.ts 1`] = `
"// @flow
// Generated using flowgen2

import type {Headers} from './headers';

declare class Response<TBody> {
  +statusCode: number,
  +headers: Headers,
  +body: TBody,
  +url: string,
  constructor(
    statusCode: number,
    headers: Headers,
    body: TBody,
    url: string,
  ): void,
  getBody(encoding: string): string,
  getBody(): TBody,
}

module.exports = Response;
"
`;
